// Jest Snapshot v1, https://goo.gl/fbAQLP

exports[`tests in <Navbar /> should match to snapshot 1`] = `
<header
  className="header"
>
  <nav
    className="nav"
  >
    <a
      className="main-menu__brand"
      onClick={[Function]}
    >
      Asociaciones
    </a>
    <ul
      className="main-menu"
    >
      <li
        className="main-menu__item"
      >
        <a
          aria-current={null}
          className="main-menu__link"
          onClick={[Function]}
        >
          Marvel
        </a>
      </li>
      <li
        className="main-menu__item"
      >
        <a
          aria-current={null}
          className="main-menu__link"
          onClick={[Function]}
        >
          DC
        </a>
      </li>
      <li
        className="main-menu__item"
      >
        <a
          aria-current={null}
          className="main-menu__link"
          onClick={[Function]}
        >
          Search
        </a>
      </li>
      <li
        className="main-menu__item"
      >
        <button
          className="main-menu__btn"
          onClick={[Function]}
        >
          Logout
        </button>
      </li>
    </ul>
    <p
      className="main-menu__user"
    >
      alfonso
    </p>
  </nav>
</header>
`;
