// Jest Snapshot v1, https://goo.gl/fbAQLP

exports[`test in <AppRouter /> should show login if it is no authenticated 1`] = `
<div>
  <main
    className="main-login"
  >
    <article
      className="container"
    >
      <div
        className="container-title-login"
      >
        <h1
          className="title-login"
        >
          Login Screen
        </h1>
      </div>
      <button
        className="button-primary-login"
        onClick={[Function]}
      >
        Login
      </button>
    </article>
  </main>
</div>
`;
