// Jest Snapshot v1, https://goo.gl/fbAQLP

exports[`tests in <HeroScreen /> should match to snapshot amd show the Redirect comoponent 1`] = `""`;
